25-03-10 13:21:00.129 [main] INFO  o.s.b.f.a.AutowiredAnnotationBeanPostProcessor - Autowired annotation is not supported on static fields: private static java.lang.String net.engineeringdigest.journalApp.Service.WeatherService.apiKey 
25-03-10 13:21:00.198 [main] WARN  o.s.b.w.s.c.AnnotationConfigServletWebServerApplicationContext - Exception encountered during context initialization - cancelling refresh attempt: org.springframework.beans.factory.UnsatisfiedDependencyException: Error creating bean with name 'emailService': Unsatisfied dependency expressed through field 'javaMailSender'; nested exception is org.springframework.beans.factory.NoSuchBeanDefinitionException: No qualifying bean of type 'org.springframework.mail.javamail.JavaMailSender' available: expected at least 1 bean which qualifies as autowire candidate. Dependency annotations: {@org.springframework.beans.factory.annotation.Autowired(required=true)} 
25-03-10 13:21:00.330 [main] INFO  o.a.catalina.core.StandardService - Stopping service [Tomcat] 
25-03-10 13:21:00.361 [main] INFO  o.s.b.a.l.ConditionEvaluationReportLoggingListener - 

Error starting ApplicationContext. To display the conditions report re-run your application with 'debug' enabled. 
25-03-10 13:21:00.395 [main] ERROR o.s.b.d.LoggingFailureAnalysisReporter - 

***************************
APPLICATION FAILED TO START
***************************

Description:

Field javaMailSender in net.engineeringdigest.journalApp.Service.EmailService required a bean of type 'org.springframework.mail.javamail.JavaMailSender' that could not be found.

The injection point has the following annotations:
	- @org.springframework.beans.factory.annotation.Autowired(required=true)


Action:

Consider defining a bean of type 'org.springframework.mail.javamail.JavaMailSender' in your configuration.
 
25-03-10 13:21:41.470 [main] INFO  n.e.journalApp.JournalApplication - Starting JournalApplication using Java 22.0.1 on DESKTOP-5SMSKLT with PID 5272 (C:\Akash\IntelliJIdeaI\Projects\journalAppAugust\target\classes started by aryson in C:\Akash\IntelliJIdeaI\Projects\journalAppAugust) 
25-03-10 13:21:41.474 [main] INFO  n.e.journalApp.JournalApplication - The following 1 profile is active: "dev" 
25-03-10 13:21:42.445 [main] INFO  o.s.d.r.c.RepositoryConfigurationDelegate - Bootstrapping Spring Data MongoDB repositories in DEFAULT mode. 
25-03-10 13:21:42.524 [main] INFO  o.s.d.r.c.RepositoryConfigurationDelegate - Finished Spring Data repository scanning in 72 ms. Found 3 MongoDB repository interfaces. 
25-03-10 13:21:43.232 [main] INFO  o.s.b.w.e.tomcat.TomcatWebServer - Tomcat initialized with port(s): 8080 (http) 
25-03-10 13:21:43.246 [main] INFO  o.a.coyote.http11.Http11NioProtocol - Initializing ProtocolHandler ["http-nio-8080"] 
25-03-10 13:21:43.251 [main] INFO  o.a.catalina.core.StandardService - Starting service [Tomcat] 
25-03-10 13:21:43.253 [main] INFO  o.a.catalina.core.StandardEngine - Starting Servlet engine: [Apache Tomcat/9.0.80] 
25-03-10 13:21:43.370 [main] INFO  o.a.c.c.C.[Tomcat].[localhost].[/] - Initializing Spring embedded WebApplicationContext 
25-03-10 13:21:43.370 [main] INFO  o.s.b.w.s.c.ServletWebServerApplicationContext - Root WebApplicationContext: initialization completed in 1797 ms 
25-03-10 13:21:43.758 [main] INFO  org.mongodb.driver.client - MongoClient with metadata {"driver": {"name": "mongo-java-driver|sync|spring-boot", "version": "4.6.1"}, "os": {"type": "Windows", "name": "Windows 10", "architecture": "amd64", "version": "10.0"}, "platform": "Java/Oracle Corporation/22.0.1+8-16", "application": {"name": "Aryson"}} created with settings MongoClientSettings{readPreference=primary, writeConcern=WriteConcern{w=majority, wTimeout=null ms, journal=null}, retryWrites=true, retryReads=true, readConcern=ReadConcern{level=null}, credential=MongoCredential{mechanism=null, userName='akashsahublue', source='admin', password=<hidden>, mechanismProperties=<hidden>}, streamFactoryFactory=null, commandListeners=[], codecRegistry=ProvidersCodecRegistry{codecProviders=[ValueCodecProvider{}, BsonValueCodecProvider{}, DBRefCodecProvider{}, DBObjectCodecProvider{}, DocumentCodecProvider{}, IterableCodecProvider{}, MapCodecProvider{}, GeoJsonCodecProvider{}, GridFSFileCodecProvider{}, Jsr310CodecProvider{}, JsonObjectCodecProvider{}, BsonCodecProvider{}, EnumCodecProvider{}, com.mongodb.Jep395RecordCodecProvider@75b38c36]}, clusterSettings={hosts=[127.0.0.1:27017], srvHost=aryson.gn3ed.mongodb.net, srvServiceName=mongodb, mode=MULTIPLE, requiredClusterType=REPLICA_SET, requiredReplicaSetName='atlas-scm7ng-shard-0', serverSelector='null', clusterListeners='[]', serverSelectionTimeout='30000 ms', localThreshold='30000 ms'}, socketSettings=SocketSettings{connectTimeoutMS=10000, readTimeoutMS=0, receiveBufferSize=0, sendBufferSize=0}, heartbeatSocketSettings=SocketSettings{connectTimeoutMS=10000, readTimeoutMS=10000, receiveBufferSize=0, sendBufferSize=0}, connectionPoolSettings=ConnectionPoolSettings{maxSize=100, minSize=0, maxWaitTimeMS=120000, maxConnectionLifeTimeMS=0, maxConnectionIdleTimeMS=0, maintenanceInitialDelayMS=0, maintenanceFrequencyMS=60000, connectionPoolListeners=[], maxConnecting=2}, serverSettings=ServerSettings{heartbeatFrequencyMS=10000, minHeartbeatFrequencyMS=500, serverListeners='[]', serverMonitorListeners='[]'}, sslSettings=SslSettings{enabled=true, invalidHostNameAllowed=false, context=null}, applicationName='Aryson', compressorList=[], uuidRepresentation=JAVA_LEGACY, serverApi=null, autoEncryptionSettings=null, contextProvider=null} 
25-03-10 13:21:43.817 [cluster-ClusterId{value='67ce9a0f8a902b1c86e79b80', description='null'}-srv-aryson.gn3ed.mongodb.net] INFO  org.mongodb.driver.cluster - Adding discovered server aryson-shard-00-01.gn3ed.mongodb.net:27017 to client view of cluster 
25-03-10 13:21:43.849 [cluster-ClusterId{value='67ce9a0f8a902b1c86e79b80', description='null'}-srv-aryson.gn3ed.mongodb.net] INFO  org.mongodb.driver.cluster - Adding discovered server aryson-shard-00-00.gn3ed.mongodb.net:27017 to client view of cluster 
25-03-10 13:21:43.852 [cluster-ClusterId{value='67ce9a0f8a902b1c86e79b80', description='null'}-srv-aryson.gn3ed.mongodb.net] INFO  org.mongodb.driver.cluster - Adding discovered server aryson-shard-00-02.gn3ed.mongodb.net:27017 to client view of cluster 
25-03-10 13:21:44.198 [main] INFO  org.mongodb.driver.cluster - No server chosen by com.mongodb.client.internal.MongoClientDelegate$1@6db328f8 from cluster description ClusterDescription{type=REPLICA_SET, connectionMode=MULTIPLE, serverDescriptions=[ServerDescription{address=aryson-shard-00-01.gn3ed.mongodb.net:27017, type=UNKNOWN, state=CONNECTING}, ServerDescription{address=aryson-shard-00-02.gn3ed.mongodb.net:27017, type=UNKNOWN, state=CONNECTING}, ServerDescription{address=aryson-shard-00-00.gn3ed.mongodb.net:27017, type=UNKNOWN, state=CONNECTING}]}. Waiting for 30000 ms before timing out 
25-03-10 13:21:44.449 [cluster-rtt-ClusterId{value='67ce9a0f8a902b1c86e79b80', description='null'}-aryson-shard-00-00.gn3ed.mongodb.net:27017] INFO  org.mongodb.driver.connection - Opened connection [connectionId{localValue:4, serverValue:96490}] to aryson-shard-00-00.gn3ed.mongodb.net:27017 
25-03-10 13:21:44.449 [cluster-rtt-ClusterId{value='67ce9a0f8a902b1c86e79b80', description='null'}-aryson-shard-00-02.gn3ed.mongodb.net:27017] INFO  org.mongodb.driver.connection - Opened connection [connectionId{localValue:6, serverValue:95694}] to aryson-shard-00-02.gn3ed.mongodb.net:27017 
25-03-10 13:21:44.449 [cluster-ClusterId{value='67ce9a0f8a902b1c86e79b80', description='null'}-aryson-shard-00-00.gn3ed.mongodb.net:27017] INFO  org.mongodb.driver.connection - Opened connection [connectionId{localValue:3, serverValue:96490}] to aryson-shard-00-00.gn3ed.mongodb.net:27017 
25-03-10 13:21:44.450 [cluster-ClusterId{value='67ce9a0f8a902b1c86e79b80', description='null'}-aryson-shard-00-01.gn3ed.mongodb.net:27017] INFO  org.mongodb.driver.connection - Opened connection [connectionId{localValue:1, serverValue:102602}] to aryson-shard-00-01.gn3ed.mongodb.net:27017 
25-03-10 13:21:44.451 [cluster-ClusterId{value='67ce9a0f8a902b1c86e79b80', description='null'}-aryson-shard-00-00.gn3ed.mongodb.net:27017] INFO  org.mongodb.driver.cluster - Monitor thread successfully connected to server with description ServerDescription{address=aryson-shard-00-00.gn3ed.mongodb.net:27017, type=REPLICA_SET_SECONDARY, state=CONNECTED, ok=true, minWireVersion=0, maxWireVersion=25, maxDocumentSize=16777216, logicalSessionTimeoutMinutes=30, roundTripTimeNanos=354161700, setName='atlas-scm7ng-shard-0', canonicalAddress=aryson-shard-00-00.gn3ed.mongodb.net:27017, hosts=[aryson-shard-00-01.gn3ed.mongodb.net:27017, aryson-shard-00-00.gn3ed.mongodb.net:27017, aryson-shard-00-02.gn3ed.mongodb.net:27017], passives=[], arbiters=[], primary='aryson-shard-00-01.gn3ed.mongodb.net:27017', tagSet=TagSet{[Tag{name='availabilityZone', value='aps1-az1'}, Tag{name='diskState', value='READY'}, Tag{name='nodeType', value='ELECTABLE'}, Tag{name='provider', value='AWS'}, Tag{name='region', value='AP_SOUTH_1'}, Tag{name='workloadType', value='OPERATIONAL'}]}, electionId=null, setVersion=1, topologyVersion=TopologyVersion{processId=67cac435c3ec2203cc77e013, counter=4}, lastWriteDate=Mon Mar 10 13:21:40 IST 2025, lastUpdateTimeNanos=12311248371300} 
25-03-10 13:21:44.451 [cluster-ClusterId{value='67ce9a0f8a902b1c86e79b80', description='null'}-aryson-shard-00-01.gn3ed.mongodb.net:27017] INFO  org.mongodb.driver.cluster - Monitor thread successfully connected to server with description ServerDescription{address=aryson-shard-00-01.gn3ed.mongodb.net:27017, type=REPLICA_SET_PRIMARY, state=CONNECTED, ok=true, minWireVersion=0, maxWireVersion=25, maxDocumentSize=16777216, logicalSessionTimeoutMinutes=30, roundTripTimeNanos=354680400, setName='atlas-scm7ng-shard-0', canonicalAddress=aryson-shard-00-01.gn3ed.mongodb.net:27017, hosts=[aryson-shard-00-01.gn3ed.mongodb.net:27017, aryson-shard-00-00.gn3ed.mongodb.net:27017, aryson-shard-00-02.gn3ed.mongodb.net:27017], passives=[], arbiters=[], primary='aryson-shard-00-01.gn3ed.mongodb.net:27017', tagSet=TagSet{[Tag{name='availabilityZone', value='aps1-az3'}, Tag{name='diskState', value='READY'}, Tag{name='nodeType', value='ELECTABLE'}, Tag{name='provider', value='AWS'}, Tag{name='region', value='AP_SOUTH_1'}, Tag{name='workloadType', value='OPERATIONAL'}]}, electionId=7fffffff0000000000000006, setVersion=1, topologyVersion=TopologyVersion{processId=67cac54383bb0db11d723c22, counter=6}, lastWriteDate=Mon Mar 10 13:21:40 IST 2025, lastUpdateTimeNanos=12311247455600} 
25-03-10 13:21:44.449 [cluster-rtt-ClusterId{value='67ce9a0f8a902b1c86e79b80', description='null'}-aryson-shard-00-01.gn3ed.mongodb.net:27017] INFO  org.mongodb.driver.connection - Opened connection [connectionId{localValue:5, serverValue:102602}] to aryson-shard-00-01.gn3ed.mongodb.net:27017 
25-03-10 13:21:44.449 [cluster-ClusterId{value='67ce9a0f8a902b1c86e79b80', description='null'}-aryson-shard-00-02.gn3ed.mongodb.net:27017] INFO  org.mongodb.driver.connection - Opened connection [connectionId{localValue:2, serverValue:95694}] to aryson-shard-00-02.gn3ed.mongodb.net:27017 
25-03-10 13:21:44.452 [cluster-ClusterId{value='67ce9a0f8a902b1c86e79b80', description='null'}-aryson-shard-00-02.gn3ed.mongodb.net:27017] INFO  org.mongodb.driver.cluster - Monitor thread successfully connected to server with description ServerDescription{address=aryson-shard-00-02.gn3ed.mongodb.net:27017, type=REPLICA_SET_SECONDARY, state=CONNECTED, ok=true, minWireVersion=0, maxWireVersion=25, maxDocumentSize=16777216, logicalSessionTimeoutMinutes=30, roundTripTimeNanos=353152000, setName='atlas-scm7ng-shard-0', canonicalAddress=aryson-shard-00-02.gn3ed.mongodb.net:27017, hosts=[aryson-shard-00-01.gn3ed.mongodb.net:27017, aryson-shard-00-00.gn3ed.mongodb.net:27017, aryson-shard-00-02.gn3ed.mongodb.net:27017], passives=[], arbiters=[], primary='aryson-shard-00-01.gn3ed.mongodb.net:27017', tagSet=TagSet{[Tag{name='availabilityZone', value='aps1-az2'}, Tag{name='diskState', value='READY'}, Tag{name='nodeType', value='ELECTABLE'}, Tag{name='provider', value='AWS'}, Tag{name='region', value='AP_SOUTH_1'}, Tag{name='workloadType', value='OPERATIONAL'}]}, electionId=null, setVersion=1, topologyVersion=TopologyVersion{processId=67cac652aa410d7769098957, counter=3}, lastWriteDate=Mon Mar 10 13:21:40 IST 2025, lastUpdateTimeNanos=12311246157500} 
25-03-10 13:21:44.455 [cluster-ClusterId{value='67ce9a0f8a902b1c86e79b80', description='null'}-aryson-shard-00-01.gn3ed.mongodb.net:27017] INFO  org.mongodb.driver.cluster - Setting max election id to 7fffffff0000000000000006 from replica set primary aryson-shard-00-01.gn3ed.mongodb.net:27017 
25-03-10 13:21:44.455 [cluster-ClusterId{value='67ce9a0f8a902b1c86e79b80', description='null'}-aryson-shard-00-01.gn3ed.mongodb.net:27017] INFO  org.mongodb.driver.cluster - Setting max set version to 1 from replica set primary aryson-shard-00-01.gn3ed.mongodb.net:27017 
25-03-10 13:21:44.455 [cluster-ClusterId{value='67ce9a0f8a902b1c86e79b80', description='null'}-aryson-shard-00-01.gn3ed.mongodb.net:27017] INFO  org.mongodb.driver.cluster - Discovered replica set primary aryson-shard-00-01.gn3ed.mongodb.net:27017 
25-03-10 13:21:44.663 [main] INFO  org.mongodb.driver.connection - Opened connection [connectionId{localValue:7, serverValue:102601}] to aryson-shard-00-01.gn3ed.mongodb.net:27017 
25-03-10 13:21:44.938 [main] INFO  o.s.b.f.a.AutowiredAnnotationBeanPostProcessor - Autowired annotation is not supported on static fields: private static java.lang.String net.engineeringdigest.journalApp.Service.WeatherService.apiKey 
25-03-10 13:21:44.999 [main] WARN  o.s.b.w.s.c.AnnotationConfigServletWebServerApplicationContext - Exception encountered during context initialization - cancelling refresh attempt: org.springframework.beans.factory.UnsatisfiedDependencyException: Error creating bean with name 'emailService': Unsatisfied dependency expressed through field 'javaMailSender'; nested exception is org.springframework.beans.factory.NoSuchBeanDefinitionException: No qualifying bean of type 'org.springframework.mail.javamail.JavaMailSender' available: expected at least 1 bean which qualifies as autowire candidate. Dependency annotations: {@org.springframework.beans.factory.annotation.Autowired(required=true)} 
25-03-10 13:21:45.123 [main] INFO  o.a.catalina.core.StandardService - Stopping service [Tomcat] 
25-03-10 13:21:45.137 [main] INFO  o.s.b.a.l.ConditionEvaluationReportLoggingListener - 

Error starting ApplicationContext. To display the conditions report re-run your application with 'debug' enabled. 
25-03-10 13:21:45.182 [main] ERROR o.s.b.d.LoggingFailureAnalysisReporter - 

***************************
APPLICATION FAILED TO START
***************************

Description:

Field javaMailSender in net.engineeringdigest.journalApp.Service.EmailService required a bean of type 'org.springframework.mail.javamail.JavaMailSender' that could not be found.

The injection point has the following annotations:
	- @org.springframework.beans.factory.annotation.Autowired(required=true)


Action:

Consider defining a bean of type 'org.springframework.mail.javamail.JavaMailSender' in your configuration.
 
