25-03-05 14:35:11.554 [main] INFO  n.e.journalApp.JournalApplication - Starting JournalApplication using Java 22.0.1 on DESKTOP-5SMSKLT with PID 17008 (C:\Akash\IntelliJIdeaI\Projects\journalAppAugust\target\classes started by aryson in C:\Akash\IntelliJIdeaI\Projects\journalAppAugust) 
25-03-05 14:35:11.560 [main] INFO  n.e.journalApp.JournalApplication - The following 1 profile is active: "dev" 
25-03-05 14:35:12.404 [main] INFO  o.s.d.r.c.RepositoryConfigurationDelegate - Bootstrapping Spring Data MongoDB repositories in DEFAULT mode. 
25-03-05 14:35:12.475 [main] INFO  o.s.d.r.c.RepositoryConfigurationDelegate - Finished Spring Data repository scanning in 66 ms. Found 2 MongoDB repository interfaces. 
25-03-05 14:35:14.160 [main] INFO  o.s.b.w.e.tomcat.TomcatWebServer - Tomcat initialized with port(s): 8080 (http) 
25-03-05 14:35:14.175 [main] INFO  o.a.coyote.http11.Http11NioProtocol - Initializing ProtocolHandler ["http-nio-8080"] 
25-03-05 14:35:14.178 [main] INFO  o.a.catalina.core.StandardService - Starting service [Tomcat] 
25-03-05 14:35:14.178 [main] INFO  o.a.catalina.core.StandardEngine - Starting Servlet engine: [Apache Tomcat/9.0.80] 
25-03-05 14:35:14.344 [main] INFO  o.a.c.c.C.[Tomcat].[localhost].[/] - Initializing Spring embedded WebApplicationContext 
25-03-05 14:35:14.344 [main] INFO  o.s.b.w.s.c.ServletWebServerApplicationContext - Root WebApplicationContext: initialization completed in 2625 ms 
25-03-05 14:35:14.964 [main] INFO  org.mongodb.driver.client - MongoClient with metadata {"driver": {"name": "mongo-java-driver|sync|spring-boot", "version": "4.6.1"}, "os": {"type": "Windows", "name": "Windows 10", "architecture": "amd64", "version": "10.0"}, "platform": "Java/Oracle Corporation/22.0.1+8-16"} created with settings MongoClientSettings{readPreference=primary, writeConcern=WriteConcern{w=null, wTimeout=null ms, journal=null}, retryWrites=true, retryReads=true, readConcern=ReadConcern{level=null}, credential=null, streamFactoryFactory=null, commandListeners=[], codecRegistry=ProvidersCodecRegistry{codecProviders=[ValueCodecProvider{}, BsonValueCodecProvider{}, DBRefCodecProvider{}, DBObjectCodecProvider{}, DocumentCodecProvider{}, IterableCodecProvider{}, MapCodecProvider{}, GeoJsonCodecProvider{}, GridFSFileCodecProvider{}, Jsr310CodecProvider{}, JsonObjectCodecProvider{}, BsonCodecProvider{}, EnumCodecProvider{}, com.mongodb.Jep395RecordCodecProvider@50b0afd7]}, clusterSettings={hosts=[localhost:27017], srvServiceName=mongodb, mode=SINGLE, requiredClusterType=UNKNOWN, requiredReplicaSetName='null', serverSelector='null', clusterListeners='[]', serverSelectionTimeout='30000 ms', localThreshold='30000 ms'}, socketSettings=SocketSettings{connectTimeoutMS=10000, readTimeoutMS=0, receiveBufferSize=0, sendBufferSize=0}, heartbeatSocketSettings=SocketSettings{connectTimeoutMS=10000, readTimeoutMS=10000, receiveBufferSize=0, sendBufferSize=0}, connectionPoolSettings=ConnectionPoolSettings{maxSize=100, minSize=0, maxWaitTimeMS=120000, maxConnectionLifeTimeMS=0, maxConnectionIdleTimeMS=0, maintenanceInitialDelayMS=0, maintenanceFrequencyMS=60000, connectionPoolListeners=[], maxConnecting=2}, serverSettings=ServerSettings{heartbeatFrequencyMS=10000, minHeartbeatFrequencyMS=500, serverListeners='[]', serverMonitorListeners='[]'}, sslSettings=SslSettings{enabled=false, invalidHostNameAllowed=false, context=null}, applicationName='null', compressorList=[], uuidRepresentation=JAVA_LEGACY, serverApi=null, autoEncryptionSettings=null, contextProvider=null} 
25-03-05 14:35:14.986 [cluster-ClusterId{value='67c813cac6b8891635abc78f', description='null'}-localhost:27017] INFO  org.mongodb.driver.connection - Opened connection [connectionId{localValue:1, serverValue:7}] to localhost:27017 
25-03-05 14:35:14.986 [cluster-rtt-ClusterId{value='67c813cac6b8891635abc78f', description='null'}-localhost:27017] INFO  org.mongodb.driver.connection - Opened connection [connectionId{localValue:2, serverValue:8}] to localhost:27017 
25-03-05 14:35:14.987 [cluster-ClusterId{value='67c813cac6b8891635abc78f', description='null'}-localhost:27017] INFO  org.mongodb.driver.cluster - Monitor thread successfully connected to server with description ServerDescription{address=localhost:27017, type=STANDALONE, state=CONNECTED, ok=true, minWireVersion=0, maxWireVersion=25, maxDocumentSize=16777216, logicalSessionTimeoutMinutes=30, roundTripTimeNanos=36402200} 
25-03-05 14:35:16.321 [main] INFO  o.s.s.web.DefaultSecurityFilterChain - Will secure any request with [org.springframework.security.web.session.DisableEncodeUrlFilter@2e362407, org.springframework.security.web.context.request.async.WebAsyncManagerIntegrationFilter@388be5fd, org.springframework.security.web.context.SecurityContextPersistenceFilter@787d1f9c, org.springframework.security.web.header.HeaderWriterFilter@582a3b19, org.springframework.security.web.authentication.logout.LogoutFilter@4d69d288, org.springframework.security.web.authentication.www.BasicAuthenticationFilter@105db94d, org.springframework.security.web.savedrequest.RequestCacheAwareFilter@7c71c889, org.springframework.security.web.servletapi.SecurityContextHolderAwareRequestFilter@682e445e, org.springframework.security.web.authentication.AnonymousAuthenticationFilter@440ef8d, org.springframework.security.web.session.SessionManagementFilter@1eb9bf60, org.springframework.security.web.access.ExceptionTranslationFilter@42d9e8d2, org.springframework.security.web.access.intercept.FilterSecurityInterceptor@4a1dda83] 
25-03-05 14:35:16.860 [main] INFO  o.a.coyote.http11.Http11NioProtocol - Starting ProtocolHandler ["http-nio-8080"] 
25-03-05 14:35:16.889 [main] INFO  o.s.b.w.e.tomcat.TomcatWebServer - Tomcat started on port(s): 8080 (http) with context path '' 
25-03-05 14:35:16.900 [main] INFO  n.e.journalApp.JournalApplication - Started JournalApplication in 5.885 seconds (JVM running for 6.547) 
25-03-05 14:35:24.087 [http-nio-8080-exec-2] INFO  o.a.c.c.C.[Tomcat].[localhost].[/] - Initializing Spring DispatcherServlet 'dispatcherServlet' 
25-03-05 14:35:24.088 [http-nio-8080-exec-2] INFO  o.s.web.servlet.DispatcherServlet - Initializing Servlet 'dispatcherServlet' 
25-03-05 14:35:24.089 [http-nio-8080-exec-2] INFO  o.s.web.servlet.DispatcherServlet - Completed initialization in 1 ms 
25-03-05 14:35:24.334 [http-nio-8080-exec-2] INFO  org.mongodb.driver.connection - Opened connection [connectionId{localValue:3, serverValue:9}] to localhost:27017 
